127.0.0.1 - - [14/May/2025:09:56:08 +0900] "GET / HTTP/1.1" 200 11428
0:0:0:0:0:0:0:1 - - [14/May/2025:09:56:09 +0900] "GET /servlet_training_require/jsp/chapter08_01/input.jsp HTTP/1.1" 500 2687
0:0:0:0:0:0:0:1 - - [14/May/2025:09:56:55 +0900] "GET /servlet_training_require/jsp/chapter08_01/input.jsp HTTP/1.1" 200 301
0:0:0:0:0:0:0:1 - - [14/May/2025:09:56:56 +0900] "GET /servlet_training_require/Chapter08_01? HTTP/1.1" 404 936
127.0.0.1 - - [14/May/2025:10:11:26 +0900] "GET / HTTP/1.1" 200 11428
0:0:0:0:0:0:0:1 - - [14/May/2025:10:11:26 +0900] "GET /servlet_training_require/jsp/chapter08_01/input.jsp HTTP/1.1" 200 301
0:0:0:0:0:0:0:1 - - [14/May/2025:10:11:33 +0900] "GET /servlet_training_require/Chapter08_01? HTTP/1.1" 200 240
127.0.0.1 - - [14/May/2025:10:14:56 +0900] "GET / HTTP/1.1" 200 11428
0:0:0:0:0:0:0:1 - - [14/May/2025:10:14:56 +0900] "GET /servlet_training_require/jsp/chapter08_01/input.jsp HTTP/1.1" 200 301
0:0:0:0:0:0:0:1 - - [14/May/2025:10:14:58 +0900] "GET /servlet_training_require/Chapter08_01? HTTP/1.1" 200 250
127.0.0.1 - - [14/May/2025:10:20:14 +0900] "GET / HTTP/1.1" 200 11428
0:0:0:0:0:0:0:1 - - [14/May/2025:10:20:14 +0900] "GET /servlet_training_require/jsp/chapter08_01/input.jsp HTTP/1.1" 200 301
0:0:0:0:0:0:0:1 - - [14/May/2025:10:20:16 +0900] "GET /servlet_training_require/Chapter08_01? HTTP/1.1" 200 250
0:0:0:0:0:0:0:1 - - [14/May/2025:10:20:29 +0900] "GET /.well-known/appspecific/com.chrome.devtools.json HTTP/1.1" 404 951
127.0.0.1 - - [14/May/2025:10:22:39 +0900] "GET / HTTP/1.1" 200 11428
0:0:0:0:0:0:0:1 - - [14/May/2025:10:22:39 +0900] "GET /servlet_training_require/jsp/chapter08_01/input.jsp HTTP/1.1" 200 301
0:0:0:0:0:0:0:1 - - [14/May/2025:10:22:42 +0900] "GET /servlet_training_require/Chapter08_01? HTTP/1.1" 200 283
0:0:0:0:0:0:0:1 - - [14/May/2025:10:26:19 +0900] "GET /servlet_training_require/jsp/chapter08_01/input.jsp HTTP/1.1" 200 301
0:0:0:0:0:0:0:1 - - [14/May/2025:10:26:20 +0900] "GET /servlet_training_require/Chapter08_01? HTTP/1.1" 500 3664
0:0:0:0:0:0:0:1 - - [14/May/2025:10:27:19 +0900] "GET /servlet_training_require/jsp/chapter08_01/input.jsp HTTP/1.1" 200 301
0:0:0:0:0:0:0:1 - - [14/May/2025:10:27:20 +0900] "GET /servlet_training_require/Chapter08_01? HTTP/1.1" 200 365
127.0.0.1 - - [14/May/2025:10:34:25 +0900] "GET / HTTP/1.1" 200 11428
0:0:0:0:0:0:0:1 - - [14/May/2025:10:34:26 +0900] "GET /servlet_training_require/Chapter08_01 HTTP/1.1" 200 365
0:0:0:0:0:0:0:1 - - [14/May/2025:10:34:33 +0900] "GET /servlet_training_require/jsp/chapter08_01/input.jsp HTTP/1.1" 200 301
0:0:0:0:0:0:0:1 - - [14/May/2025:10:34:34 +0900] "GET /servlet_training_require/Chapter08_01? HTTP/1.1" 200 365
0:0:0:0:0:0:0:1 - - [14/May/2025:10:35:30 +0900] "GET /servlet_training_require/Chapter08_01 HTTP/1.1" 200 365
0:0:0:0:0:0:0:1 - - [14/May/2025:10:35:47 +0900] "GET /servlet_training_require/Chapter08_01 HTTP/1.1" 200 365
127.0.0.1 - - [14/May/2025:10:38:27 +0900] "GET / HTTP/1.1" 200 11428
0:0:0:0:0:0:0:1 - - [14/May/2025:10:38:28 +0900] "GET /servlet_training_require/jsp/chapter08_01/input.jsp HTTP/1.1" 200 301
0:0:0:0:0:0:0:1 - - [14/May/2025:10:38:30 +0900] "GET /servlet_training_require/Chapter08_01? HTTP/1.1" 200 365
127.0.0.1 - - [14/May/2025:10:41:24 +0900] "GET / HTTP/1.1" 200 11428
0:0:0:0:0:0:0:1 - - [14/May/2025:10:41:25 +0900] "GET /servlet_training_require/Chapter08_01 HTTP/1.1" 200 365
0:0:0:0:0:0:0:1 - - [14/May/2025:10:42:47 +0900] "GET /servlet_training_require/Chapter08_01 HTTP/1.1" 200 365
127.0.0.1 - - [14/May/2025:10:45:31 +0900] "GET / HTTP/1.1" 200 11428
0:0:0:0:0:0:0:1 - - [14/May/2025:10:45:32 +0900] "GET /servlet_training_require/Chapter08_01 HTTP/1.1" 200 365
127.0.0.1 - - [14/May/2025:10:45:51 +0900] "GET / HTTP/1.1" 200 11428
0:0:0:0:0:0:0:1 - - [14/May/2025:10:45:52 +0900] "GET /servlet_training_require/jsp/chapter08_01/input.jsp HTTP/1.1" 200 301
0:0:0:0:0:0:0:1 - - [14/May/2025:10:45:54 +0900] "GET /servlet_training_require/Chapter08_01? HTTP/1.1" 200 851
0:0:0:0:0:0:0:1 - - [14/May/2025:10:46:31 +0900] "GET /servlet_training_require/Chapter08_01? HTTP/1.1" 200 630
127.0.0.1 - - [14/May/2025:11:32:50 +0900] "GET / HTTP/1.1" 200 11428
0:0:0:0:0:0:0:1 - - [14/May/2025:11:32:52 +0900] "GET /servlet_training_require/jsp/chapter08_02/input.jsp HTTP/1.1" 200 351
0:0:0:0:0:0:0:1 - - [14/May/2025:11:32:58 +0900] "GET /servlet_training_require/Chapter08_02?SearchName=1 HTTP/1.1" 200 261
127.0.0.1 - - [14/May/2025:11:33:37 +0900] "GET / HTTP/1.1" 200 11428
0:0:0:0:0:0:0:1 - - [14/May/2025:11:33:37 +0900] "GET /servlet_training_require/jsp/chapter08_02/input.jsp HTTP/1.1" 200 351
0:0:0:0:0:0:0:1 - - [14/May/2025:11:33:41 +0900] "GET /servlet_training_require/Chapter08_02?SearchName=1 HTTP/1.1" 200 354
0:0:0:0:0:0:0:1 - - [14/May/2025:11:33:48 +0900] "GET /servlet_training_require/Chapter08_02?SearchName=2 HTTP/1.1" 200 360
0:0:0:0:0:0:0:1 - - [14/May/2025:14:30:42 +0900] "GET /servlet_training_require/jsp/chapter08_03/input.jsp HTTP/1.1" 200 550
0:0:0:0:0:0:0:1 - - [14/May/2025:14:31:43 +0900] "GET /servlet_training_require/jsp/chapter08_03/input.jsp HTTP/1.1" 200 830
0:0:0:0:0:0:0:1 - - [14/May/2025:14:33:51 +0900] "GET /servlet_training_require/jsp/chapter08_03/input.jsp HTTP/1.1" 200 779
127.0.0.1 - - [14/May/2025:15:03:19 +0900] "GET / HTTP/1.1" 200 11428
0:0:0:0:0:0:0:1 - - [14/May/2025:15:03:20 +0900] "GET /servlet_training_require/jsp/chapter08_03/input.jsp HTTP/1.1" 200 779
0:0:0:0:0:0:0:1 - - [14/May/2025:15:03:35 +0900] "GET /servlet_training_require/Chapter08_03?studentId=11&name=%E3%81%82%E3%81%82%E3%81%82&gender=2&grade=2 HTTP/1.1" 200 309
127.0.0.1 - - [14/May/2025:15:08:35 +0900] "GET / HTTP/1.1" 200 11428
0:0:0:0:0:0:0:1 - - [14/May/2025:15:08:37 +0900] "GET /servlet_training_require/jsp/chapter08_03/input.jsp HTTP/1.1" 200 780
0:0:0:0:0:0:0:1 - - [14/May/2025:15:08:44 +0900] "POST /servlet_training_require/Chapter08_03 HTTP/1.1" 200 308
127.0.0.1 - - [14/May/2025:15:10:37 +0900] "GET / HTTP/1.1" 200 11428
0:0:0:0:0:0:0:1 - - [14/May/2025:15:10:38 +0900] "GET /servlet_training_require/jsp/chapter08_03/input.jsp HTTP/1.1" 200 780
0:0:0:0:0:0:0:1 - - [14/May/2025:15:10:47 +0900] "POST /servlet_training_require/Chapter08_03 HTTP/1.1" 200 308
127.0.0.1 - - [14/May/2025:15:16:06 +0900] "GET / HTTP/1.1" 200 11428
0:0:0:0:0:0:0:1 - - [14/May/2025:15:16:07 +0900] "GET /servlet_training_require/jsp/chapter08_03/input.jsp HTTP/1.1" 200 780
0:0:0:0:0:0:0:1 - - [14/May/2025:15:16:14 +0900] "POST /servlet_training_require/Chapter08_03 HTTP/1.1" 405 909
127.0.0.1 - - [14/May/2025:15:16:47 +0900] "GET / HTTP/1.1" 200 11428
0:0:0:0:0:0:0:1 - - [14/May/2025:15:16:48 +0900] "GET /servlet_training_require/jsp/chapter08_03/input.jsp HTTP/1.1" 200 780
0:0:0:0:0:0:0:1 - - [14/May/2025:15:16:55 +0900] "POST /servlet_training_require/Chapter08_03 HTTP/1.1" 200 308
127.0.0.1 - - [14/May/2025:15:18:58 +0900] "GET / HTTP/1.1" 200 11428
0:0:0:0:0:0:0:1 - - [14/May/2025:15:18:58 +0900] "GET /servlet_training_require/jsp/chapter08_03/input.jsp HTTP/1.1" 200 780
0:0:0:0:0:0:0:1 - - [14/May/2025:15:19:10 +0900] "POST /servlet_training_require/Chapter08_03 HTTP/1.1" 405 909
0:0:0:0:0:0:0:1 - - [14/May/2025:15:19:24 +0900] "POST /servlet_training_require/Chapter08_03 HTTP/1.1" 405 909
127.0.0.1 - - [14/May/2025:15:19:37 +0900] "GET / HTTP/1.1" 200 11428
0:0:0:0:0:0:0:1 - - [14/May/2025:15:19:38 +0900] "GET /servlet_training_require/jsp/chapter08_03/input.jsp HTTP/1.1" 200 780
0:0:0:0:0:0:0:1 - - [14/May/2025:15:19:46 +0900] "POST /servlet_training_require/Chapter08_03 HTTP/1.1" 200 312
0:0:0:0:0:0:0:1 - - [14/May/2025:15:19:46 +0900] "POST /servlet_training_require/Chapter08_03 HTTP/1.1" 200 312
0:0:0:0:0:0:0:1 - - [14/May/2025:15:19:46 +0900] "POST /servlet_training_require/Chapter08_03 HTTP/1.1" 200 312
0:0:0:0:0:0:0:1 - - [14/May/2025:15:19:46 +0900] "POST /servlet_training_require/Chapter08_03 HTTP/1.1" 200 311
0:0:0:0:0:0:0:1 - - [14/May/2025:15:19:46 +0900] "POST /servlet_training_require/Chapter08_03 HTTP/1.1" 200 312
0:0:0:0:0:0:0:1 - - [14/May/2025:15:19:46 +0900] "POST /servlet_training_require/Chapter08_03 HTTP/1.1" 200 312
127.0.0.1 - - [14/May/2025:16:17:59 +0900] "GET / HTTP/1.1" 200 11428
0:0:0:0:0:0:0:1 - - [14/May/2025:16:17:59 +0900] "GET /servlet_training_application/jsp/chapter06_01/list.jsp HTTP/1.1" 200 349
0:0:0:0:0:0:0:1 - - [14/May/2025:16:18:50 +0900] "GET /servlet_training_application/jsp/chapter06_01/list.jsp HTTP/1.1" 200 229
0:0:0:0:0:0:0:1 - - [14/May/2025:16:18:51 +0900] "GET /servlet_training_application/jsp/chapter06_01/list.jsp HTTP/1.1" 200 229
127.0.0.1 - - [14/May/2025:16:20:24 +0900] "GET / HTTP/1.1" 200 11428
0:0:0:0:0:0:0:1 - - [14/May/2025:16:20:25 +0900] "GET /servlet_training_application/jsp/chapter06_01/list.jsp HTTP/1.1" 200 229
127.0.0.1 - - [14/May/2025:16:25:00 +0900] "GET / HTTP/1.1" 200 11428
0:0:0:0:0:0:0:1 - - [14/May/2025:16:25:01 +0900] "GET /servlet_training_application/jsp/chapter06_01/list.jsp HTTP/1.1" 200 229
127.0.0.1 - - [14/May/2025:16:26:35 +0900] "GET / HTTP/1.1" 200 11428
0:0:0:0:0:0:0:1 - - [14/May/2025:16:26:36 +0900] "GET /servlet_training_application/jsp/chapter06_01/list.jsp HTTP/1.1" 200 229
127.0.0.1 - - [14/May/2025:16:30:48 +0900] "GET / HTTP/1.1" 200 11428
0:0:0:0:0:0:0:1 - - [14/May/2025:16:30:48 +0900] "GET /servlet_training_application/Chapter06_01_list HTTP/1.1" 200 229
127.0.0.1 - - [14/May/2025:16:33:45 +0900] "GET / HTTP/1.1" 200 11428
0:0:0:0:0:0:0:1 - - [14/May/2025:16:33:45 +0900] "GET /servlet_training_application/Chapter06_01_list HTTP/1.1" 200 229
0:0:0:0:0:0:0:1 - - [14/May/2025:16:36:24 +0900] "GET /servlet_training_application/jsp/chapter06_01/list.jsp HTTP/1.1" 200 229
0:0:0:0:0:0:0:1 - - [14/May/2025:16:36:26 +0900] "GET /servlet_training_application/jsp/chapter06_01/list.jsp HTTP/1.1" 200 229
0:0:0:0:0:0:0:1 - - [14/May/2025:16:36:26 +0900] "GET /servlet_training_application/jsp/chapter06_01/list.jsp HTTP/1.1" 200 229
0:0:0:0:0:0:0:1 - - [14/May/2025:16:36:26 +0900] "GET /servlet_training_application/jsp/chapter06_01/list.jsp HTTP/1.1" 200 229
0:0:0:0:0:0:0:1 - - [14/May/2025:16:36:26 +0900] "GET /servlet_training_application/jsp/chapter06_01/list.jsp HTTP/1.1" 200 229
0:0:0:0:0:0:0:1 - - [14/May/2025:16:36:27 +0900] "GET /servlet_training_application/jsp/chapter06_01/list.jsp HTTP/1.1" 200 229
0:0:0:0:0:0:0:1 - - [14/May/2025:16:36:27 +0900] "GET /servlet_training_application/jsp/chapter06_01/list.jsp HTTP/1.1" 200 229
0:0:0:0:0:0:0:1 - - [14/May/2025:16:36:27 +0900] "GET /servlet_training_application/jsp/chapter06_01/list.jsp HTTP/1.1" 200 229
0:0:0:0:0:0:0:1 - - [14/May/2025:16:36:27 +0900] "GET /servlet_training_application/jsp/chapter06_01/list.jsp HTTP/1.1" 200 229
0:0:0:0:0:0:0:1 - - [14/May/2025:16:36:28 +0900] "GET /servlet_training_application/jsp/chapter06_01/list.jsp HTTP/1.1" 200 229
0:0:0:0:0:0:0:1 - - [14/May/2025:16:36:34 +0900] "GET /servlet_training_application/WEB-INF/classes/chapter06/StudentDTO.java HTTP/1.1" 404 802
0:0:0:0:0:0:0:1 - - [14/May/2025:16:36:39 +0900] "GET /servlet_training_application/META-INF/Context.xml HTTP/1.1" 404 802
0:0:0:0:0:0:0:1 - - [14/May/2025:16:37:16 +0900] "GET /servlet_training_application/Chapter06_01_list HTTP/1.1" 200 229
0:0:0:0:0:0:0:1 - - [14/May/2025:16:37:54 +0900] "GET /servlet_training_application/jsp/chapter06_01/list.jsp HTTP/1.1" 200 229
0:0:0:0:0:0:0:1 - - [14/May/2025:16:39:03 +0900] "GET /servlet_training_application/Chapter06_01/list HTTP/1.1" 404 949
127.0.0.1 - - [14/May/2025:16:39:45 +0900] "GET / HTTP/1.1" 200 11428
0:0:0:0:0:0:0:1 - - [14/May/2025:16:39:45 +0900] "GET /servlet_training_application/Chapter06_01/list HTTP/1.1" 200 229
0:0:0:0:0:0:0:1 - - [14/May/2025:16:39:59 +0900] "GET /servlet_training_application/jsp/chapter06_01/list.jsp HTTP/1.1" 200 229
127.0.0.1 - - [14/May/2025:16:45:45 +0900] "GET / HTTP/1.1" 200 11428
0:0:0:0:0:0:0:1 - - [14/May/2025:16:45:45 +0900] "GET /servlet_training_application/Chapter06_01/list HTTP/1.1" 500 4048
127.0.0.1 - - [14/May/2025:16:50:52 +0900] "GET / HTTP/1.1" 200 11428
0:0:0:0:0:0:0:1 - - [14/May/2025:16:50:52 +0900] "GET /servlet_training_application/Chapter06_01/list HTTP/1.1" 200 229
0:0:0:0:0:0:0:1 - - [14/May/2025:16:53:01 +0900] "GET /servlet_training_application/Chapter06_01/list HTTP/1.1" 200 229
127.0.0.1 - - [14/May/2025:16:54:11 +0900] "GET / HTTP/1.1" 200 11428
0:0:0:0:0:0:0:1 - - [14/May/2025:16:54:11 +0900] "GET /servlet_training_application/Chapter06_01/list HTTP/1.1" 200 229
127.0.0.1 - - [14/May/2025:16:56:15 +0900] "GET / HTTP/1.1" 200 11428
0:0:0:0:0:0:0:1 - - [14/May/2025:16:56:17 +0900] "GET /servlet_training_application/Chapter06_01/list HTTP/1.1" 200 989
